// Jest Snapshot v1, https://goo.gl/fbAQLP

exports[`Jest Snapshot testing suite snapshot of each country 1`] = `"Loading"`;
