// Jest Snapshot v1, https://goo.gl/fbAQLP

exports[`Jest Snapshot testing suite The main countries container snapshot 1`] = `
<div
  className="countriesContainer"
>
  <select
    className="continent-change"
    onChange={[Function]}
  >
    <option>
      Africa
    </option>
    <option>
      Europe
    </option>
    <option>
      Asia
    </option>
    <option>
      Antarctica
    </option>
    <option>
      North America
    </option>
    <option>
      South America
    </option>
  </select>
  <section
    className="flex"
  />
</div>
`;
