// Jest Snapshot v1, https://goo.gl/fbAQLP

exports[`Jest Snapshot testing suite eachCountry snapshot 1`] = `"Loading"`;